2018/12/21 20:45:31 [error] 9212#9720: *11 CreateFile() "c:/nginx/html/web/web/assets/36108381/yii.js" failed (3: The system cannot find the path specified), client: 127.0.0.1, server: localhost, request: "GET /web/assets/36108381/yii.js HTTP/1.1", host: "localhost", referrer: "http://localhost/web/index.php"
2018/12/21 20:45:31 [error] 9212#9720: *10 CreateFile() "c:/nginx/html/web/web/assets/c4d15003/js/bootstrap.js" failed (3: The system cannot find the path specified), client: 127.0.0.1, server: localhost, request: "GET /web/assets/c4d15003/js/bootstrap.js HTTP/1.1", host: "localhost", referrer: "http://localhost/web/index.php"
2018/12/21 20:45:43 [error] 9212#9720: *15 CreateFile() "c:/nginx/html/web/pma" failed (2: The system cannot find the file specified), client: 127.0.0.1, server: localhost, request: "GET /pma HTTP/1.1", host: "localhost"
2018/12/21 20:48:46 [error] 9348#9732: *2 CreateFile() "c:/nginx/html/web/web/assets/c4d15003/css/bootstrap.css" failed (3: The system cannot find the path specified), client: 127.0.0.1, server: localhost, request: "GET /web/assets/c4d15003/css/bootstrap.css HTTP/1.1", host: "localhost", referrer: "http://localhost/web/index.php?r=site%2Flogin"
2018/12/21 20:48:46 [error] 9348#9732: *4 CreateFile() "c:/nginx/html/web/web/css/site.css" failed (3: The system cannot find the path specified), client: 127.0.0.1, server: localhost, request: "GET /web/css/site.css HTTP/1.1", host: "localhost", referrer: "http://localhost/web/index.php?r=site%2Flogin"
2018/12/21 20:48:46 [error] 9348#9732: *4 CreateFile() "c:/nginx/html/web/web/assets/311b0167/jquery.js" failed (3: The system cannot find the path specified), client: 127.0.0.1, server: localhost, request: "GET /web/assets/311b0167/jquery.js HTTP/1.1", host: "localhost", referrer: "http://localhost/web/index.php?r=site%2Flogin"
2018/12/21 20:48:46 [error] 9348#9732: *2 CreateFile() "c:/nginx/html/web/web/assets/36108381/yii.js" failed (3: The system cannot find the path specified), client: 127.0.0.1, server: localhost, request: "GET /web/assets/36108381/yii.js HTTP/1.1", host: "localhost", referrer: "http://localhost/web/index.php?r=site%2Flogin"
2018/12/21 20:48:46 [error] 9348#9732: *2 CreateFile() "c:/nginx/html/web/web/assets/36108381/yii.validation.js" failed (3: The system cannot find the path specified), client: 127.0.0.1, server: localhost, request: "GET /web/assets/36108381/yii.validation.js HTTP/1.1", host: "localhost", referrer: "http://localhost/web/index.php?r=site%2Flogin"
2018/12/21 20:48:46 [error] 9348#9732: *4 CreateFile() "c:/nginx/html/web/web/assets/36108381/yii.activeForm.js" failed (3: The system cannot find the path specified), client: 127.0.0.1, server: localhost, request: "GET /web/assets/36108381/yii.activeForm.js HTTP/1.1", host: "localhost", referrer: "http://localhost/web/index.php?r=site%2Flogin"
2018/12/21 20:48:46 [error] 9348#9732: *2 CreateFile() "c:/nginx/html/web/web/assets/c4d15003/js/bootstrap.js" failed (3: The system cannot find the path specified), client: 127.0.0.1, server: localhost, request: "GET /web/assets/c4d15003/js/bootstrap.js HTTP/1.1", host: "localhost", referrer: "http://localhost/web/index.php?r=site%2Flogin"
2018/12/21 20:48:54 [error] 9348#9732: *2 CreateFile() "c:/nginx/html/web/pma" failed (2: The system cannot find the file specified), client: 127.0.0.1, server: localhost, request: "GET /pma HTTP/1.1", host: "localhost"
2018/12/21 23:47:55 [error] 1356#8532: *2 CreateFile() "c:/nginx/html/web/web/assets/66da48f7/css/bootstrap.css" failed (3: The system cannot find the path specified), client: 127.0.0.1, server: localhost, request: "GET /web/assets/66da48f7/css/bootstrap.css HTTP/1.1", host: "localhost", referrer: "http://localhost/web/index.php"
2018/12/21 23:47:56 [error] 1356#8532: *4 CreateFile() "c:/nginx/html/web/web/css/site.css" failed (3: The system cannot find the path specified), client: 127.0.0.1, server: localhost, request: "GET /web/css/site.css HTTP/1.1", host: "localhost", referrer: "http://localhost/web/index.php"
2018/12/21 23:47:56 [error] 1356#8532: *4 CreateFile() "c:/nginx/html/web/web/assets/92d542bd/jquery.js" failed (3: The system cannot find the path specified), client: 127.0.0.1, server: localhost, request: "GET /web/assets/92d542bd/jquery.js HTTP/1.1", host: "localhost", referrer: "http://localhost/web/index.php"
2018/12/21 23:47:56 [error] 1356#8532: *1 CreateFile() "c:/nginx/html/web/web/assets/561ff2e9/yii.js" failed (3: The system cannot find the path specified), client: 127.0.0.1, server: localhost, request: "GET /web/assets/561ff2e9/yii.js HTTP/1.1", host: "localhost", referrer: "http://localhost/web/index.php"
2018/12/21 23:47:56 [error] 1356#8532: *2 CreateFile() "c:/nginx/html/web/web/assets/66da48f7/js/bootstrap.js" failed (3: The system cannot find the path specified), client: 127.0.0.1, server: localhost, request: "GET /web/assets/66da48f7/js/bootstrap.js HTTP/1.1", host: "localhost", referrer: "http://localhost/web/index.php"
2018/12/21 23:48:22 [error] 1356#8532: *2 CreateFile() "c:/nginx/html/web/pma" failed (2: The system cannot find the file specified), client: 127.0.0.1, server: localhost, request: "GET /pma HTTP/1.1", host: "localhost"
2018/12/21 23:48:28 [error] 1356#8532: *2 CreateFile() "c:/nginx/html/web/mpa" failed (2: The system cannot find the file specified), client: 127.0.0.1, server: localhost, request: "GET /mpa HTTP/1.1", host: "localhost"
2018/12/21 23:48:52 [error] 1356#8532: *2 CreateFile() "c:/nginx/html/web/pma" failed (2: The system cannot find the file specified), client: 127.0.0.1, server: localhost, request: "GET /pma HTTP/1.1", host: "localhost"
2018/12/22 00:40:18 [error] 6748#8800: *25 CreateFile() "c:/nginx/html/mpa" failed (2: The system cannot find the file specified), client: 127.0.0.1, server: localhost, request: "GET /mpa HTTP/1.1", host: "localhost"
2018/12/22 00:41:39 [error] 6748#8800: *33 directory index of "c:/nginx/html/" is forbidden, client: 131.0.95.234, server: localhost, request: "GET / HTTP/1.1", host: "95.81.236.142:80"
2018/12/22 01:15:28 [error] 6748#8800: *73 CreateFile() "c:/nginx/html/favicon.ico" failed (2: The system cannot find the file specified), client: 127.0.0.1, server: localhost, request: "GET /favicon.ico HTTP/1.1", host: "localhost", referrer: "http://localhost/web/index.php"
2018/12/22 02:05:18 [error] 1688#8376: *172 directory index of "c:/nginx/html/" is forbidden, client: 171.232.80.116, server: localhost, request: "GET / HTTP/1.0"
2018/12/23 22:42:45 [error] 1880#9728: *1 CreateFile() "c:/nginx/html/favicon.ico" failed (2: The system cannot find the file specified), client: 127.0.0.1, server: localhost, request: "GET /favicon.ico HTTP/1.1", host: "localhost", referrer: "http://localhost/web/index.php"
2018/12/23 22:45:17 [error] 1880#9728: *17 CreateFile() "c:/nginx/html/web/" failed (2: The system cannot find the file specified), client: 127.0.0.1, server: localhost, request: "GET /web/%D0%B7%D1%8C%D1%84 HTTP/1.1", host: "localhost"
2018/12/23 22:45:23 [error] 1880#9728: *22 CreateFile() "c:/nginx/html/web/pma" failed (2: The system cannot find the file specified), client: 127.0.0.1, server: localhost, request: "GET /web/pma HTTP/1.1", host: "localhost"
2018/12/24 19:28:04 [error] 5836#1796: *1 CreateFile() "c:/nginx/html/favicon.ico" failed (2: The system cannot find the file specified), client: 127.0.0.1, server: localhost, request: "GET /favicon.ico HTTP/1.1", host: "localhost", referrer: "http://localhost/web/index.php"
2018/12/24 21:43:26 [error] 4848#1920: *5 CreateFile() "c:/nginx/html/favicon.ico" failed (2: The system cannot find the file specified), client: 127.0.0.1, server: localhost, request: "GET /favicon.ico HTTP/1.1", host: "localhost", referrer: "http://localhost/web/index.php"
2018/12/24 22:34:16 [error] 10180#10360: *55 directory index of "c:/nginx/html/" is forbidden, client: 219.70.238.104, server: localhost, request: "GET / HTTP/1.0"
2018/12/24 22:59:29 [error] 10180#10360: *60 directory index of "c:/nginx/html/" is forbidden, client: 91.12.179.6, server: localhost, request: "GET / HTTP/1.0"
2018/12/25 00:07:58 [error] 8060#10376: *222 directory index of "c:/nginx/html/" is forbidden, client: 177.188.230.244, server: localhost, request: "GET / HTTP/1.1", host: "89.151.184.54:80"
2018/12/25 00:24:37 [error] 8060#10376: *424 CreateFile() "c:/nginx/html/.env" failed (2: The system cannot find the file specified), client: 195.22.22.24, server: localhost, request: "GET /.env HTTP/1.1", host: "89.151.184.54"
2018/12/25 00:25:18 [error] 8060#10376: *443 directory index of "c:/nginx/html/" is forbidden, client: 177.223.49.62, server: localhost, request: "GET / HTTP/1.1", host: "89.151.184.54:80"
2018/12/25 00:39:20 [error] 8060#10376: *476 directory index of "c:/nginx/html/" is forbidden, client: 176.115.152.124, server: localhost, request: "GET / HTTP/1.0"
2018/12/25 00:47:32 [error] 8060#10376: *560 CreateFile() "c:/nginx/html/list/index" failed (3: The system cannot find the path specified), client: 127.0.0.1, server: localhost, request: "GET /list/index HTTP/1.1", host: "localhost", referrer: "http://localhost/web/index.php"
2018/12/25 00:47:58 [error] 8060#10376: *571 CreateFile() "c:/nginx/html/list/index" failed (3: The system cannot find the path specified), client: 127.0.0.1, server: localhost, request: "GET /list/index HTTP/1.1", host: "localhost", referrer: "http://localhost/web/index.php"
2018/12/25 00:49:10 [error] 8060#10376: *582 CreateFile() "c:/nginx/html/web/list/index" failed (3: The system cannot find the path specified), client: 127.0.0.1, server: localhost, request: "GET /web/list/index HTTP/1.1", host: "localhost", referrer: "http://localhost/web/index.php?r=lists%2Findex"
2018/12/25 00:52:52 [error] 8060#10376: *593 FastCGI sent in stderr: "An Error occurred while handling another error:
ParseError: syntax error, unexpected '=>' (T_DOUBLE_ARROW), expecting ')' in C:\nginx\html\views\layouts\main.php:35
Stack trace:
#0 C:\nginx\html\vendor\yiisoft\yii2\base\View.php(254): yii\base\View->renderPhpFile('C:\\nginx\\html\\v...', Array)
#1 C:\nginx\html\vendor\yiisoft\yii2\base\Controller.php(399): yii\base\View->renderFile('C:\\nginx\\html\\v...', Array, Object(app\controllers\SiteController))
#2 C:\nginx\html\vendor\yiisoft\yii2\base\Controller.php(385): yii\base\Controller->renderContent('<div class="sit...')
#3 C:\nginx\html\vendor\yiisoft\yii2\web\ErrorAction.php(139): yii\base\Controller->render('error', Array)
#4 C:\nginx\html\vendor\yiisoft\yii2\web\ErrorAction.php(118): yii\web\ErrorAction->renderHtmlResponse()
#5 [internal function]: yii\web\ErrorAction->run()
#6 C:\nginx\html\vendor\yiisoft\yii2\base\Action.php(94): call_user_func_array(Array, Array)
#7 C:\nginx\html\vendor\yiisoft\yii2\base\Controller.php(157): yii\base\Action->runWithParams(Array)
#8 C:\nginx\html\vendor\yiisoft\yii2\base\Module.php(528): yii\base\Controller->runAction('error', Array)
#9 C:\nginx\html\vendor\yiisoft\yii2\web\ErrorHandler.php(108): yii\base\Module->runAction('site/error')
#10 C:\nginx\html\vendor\yiisoft\yii2\base\ErrorHandler.php(111): yii\web\ErrorHandler->renderException(Object(yii\web\NotFoundHttpException))
#11" while reading upstream, client: 127.0.0.1, server: localhost, request: "GET /web/index.php?r=lists%2Findex HTTP/1.1", upstream: "fastcgi://127.0.0.1:9000", host: "localhost", referrer: "http://localhost/web/index.php?r=lists%2Findex"
2018/12/25 00:52:52 [error] 8060#10376: *593 FastCGI sent in stderr: "[internal function]: yii\base\ErrorHandler->handleException(Object(yii\web\NotFoundHttpException))
#12 {main}
Previous exception:
yii\base\InvalidRouteException: Unable to resolve the request "lists/index". in C:\nginx\html\vendor\yiisoft\yii2\base\Module.php:537
Stack trace:
#0 C:\nginx\html\vendor\yiisoft\yii2\web\Application.php(103): yii\base\Module->runAction('lists/index', Array)
#1 C:\nginx\html\vendor\yiisoft\yii2\base\Application.php(386): yii\web\Application->handleRequest(Object(yii\web\Request))
#2 C:\nginx\html\web\index.php(12): yii\base\Application->run()
#3 {main}

Next yii\web\NotFoundHttpException: Page not found. in C:\nginx\html\vendor\yiisoft\yii2\web\Application.php:115
Stack trace:
#0 C:\nginx\html\vendor\yiisoft\yii2\base\Application.php(386): yii\web\Application->handleRequest(Object(yii\web\Request))
#1 C:\nginx\html\web\index.php(12): yii\base\Application->run()
#2 {main}
$_SERVER = [
    'ALLUSERSPROFILE' => 'C:\\ProgramData',
    'APPDATA' => 'C:\\Users\\\\AppData\\Roaming',
    'CommonProgramFiles' => 'C:\\Program Files\\Common Files',
    'CommonProgramFiles(x86)' => 'C:\\Program Files (x86)\\Common Files',
    'CommonProgramW6432' => 'C:\\Program Files\\Common Files',
    'COMPUTERNAME' => 'MRPRESTON',
    'ComSpec' => 'C:\\WINDOWS\\system32\\cmd.exe',
    'CYGWIN' => 'tty',
    'C_EM64T_REDIST11' => 'C:\\Program Files (x86)\\Common Files\\Intel\\Shared Files\\cpp\\',
    'DriverData' => 'C:\\Windows\\System32\\Drivers\\DriverData',
    'DXSDK_DIR' => 'C:\\Program Files (x86)\\Microsoft DirectX SDK (June 2010)\\',
    'FP_NO_HOST_CHECK' => 'NO',
    'HOMEDRIVE' => 'C:',
    'HOMEPATH' => '\\Users\\',
    'LOCALAPPDATA' => 'C:\\Users\\\\AppData\\Local',
    'LOGONSERVER' => '\\\\MRPRESTON',
    'NUMBER_OF_PROCESSORS' => '4',
    'OneDrive' => 'C:\\Users\\\\OneDrive',
    'OS' => 'Windows_NT',
    'Path' => 'C:\\Program Files (x86)\\Common Files\\Intel\\Shared Files\\cpp\\bin\\Intel64;C:\\
2018/12/25 00:52:52 [error] 8060#10376: *593 FastCGI sent in stderr: "Microsoft Visual Studio 12.0\\Common7\\Tools\\',
    'windir' => 'C:\\WINDOWS',
    'HTTP_COOKIE' => 'PHPSESSID=ai0qpn61ktst964bj84o15bct3; _identity=cc25c8c3d488e5f35d579fee6a6b8779ab0da806ea3c7def08e81761e994f0aca%3A2%3A%7Bi%3A0%3Bs%3A9%3A%22_identity%22%3Bi%3A1%3Bs%3A46%3A%22%5B4%2C%22q1mxT18lzeYjZBx4Ixs77jWSgkwdXnvC%22%2C2592000%5D%22%3B%7D; _csrf=8c42819b2cd1e02746f418e48fc16c30a7c660a51e8039a31d28954e63577d1ca%3A2%3A%7Bi%3A0%3Bs%3A5%3A%22_csrf%22%3Bi%3A1%3Bs%3A32%3A%22LRSiG4QkjEQ76W8jGNHf-fr7bHhVVK6f%22%3B%7D',
    'HTTP_ACCEPT_LANGUAGE' => 'ru-RU,ru;q=0.9,en-US;q=0.8,en;q=0.7',
    'HTTP_ACCEPT_ENCODING' => 'gzip, deflate, br',
    'HTTP_REFERER' => 'http://localhost/web/index.php?r=lists%2Findex',
    'HTTP_ACCEPT' => 'text/html,application/xhtml+xml,application/xml;q=0.9,image/webp,image/apng,*/*;q=0.8',
    'HTTP_USER_AGENT' => 'Mozilla/5.0 (Windows NT 10.0; Win64; x64) AppleWebKit/537.36 (KHTML, like Gecko) Chrome/71.0.3578.98 Safari/537.36',
    'HTTP_UPGRADE_INSECURE_REQUESTS' => '1',
    'HTTP_CACHE_CONTROL' => 'max-age=0',
    'HTTP_CONNECTION' => 'keep-alive',
    'HTTP_HOST' => 'localhost',
    'REDIRECT_STATUS' => '200',
    'SERVER_NAME' => 'localhost',
    'SERVER_PORT' => '80',
    'SERVER_ADDR' => '127.0.0.1',
    'REMOTE_PORT' => '7883',
    'REMOTE_ADDR' => '127.0.0.1',
    'SERVER_SOFTWARE' => 'nginx/1.15.7',
    'GATEWAY_INTERFACE' => 'CGI/1.1',
    'REQUEST_SCHEME' => 'http',
    'SERVER_PROTOCOL' => 'HTTP/1.1',
    'DOCUMENT_ROOT' => 'C:\\nginx/html',
    'DOCUMENT_URI' => '/web/index.php',
    'REQUEST_URI' => '/web/index.php?r=lists%2Findex',
    'SCRIPT_NAME' => '/web/index.php',
    'CONTENT_LENGTH' => '',
    'CONTENT_TYPE' => '',
    'REQUEST_METHOD' => 'GET',
    'QUERY_STRING' => 'r=lists%2Findex',
    'SCRIPT_FILENAME' => 'C:\\nginx/html/web/index.php',
    'FCGI_ROLE' => 'RESPONDER',
    'PHP_SELF' => '/web/index.php',
    'REQUEST_TIME_FLOAT' => 1545688371.398206,
    'REQUEST_TIME' => 1545688371,
]" whi
2018/12/25 01:00:06 [error] 8060#10376: *627 CreateFile() "c:/nginx/html/web/list/index" failed (3: The system cannot find the path specified), client: 127.0.0.1, server: localhost, request: "GET /web/list/index HTTP/1.1", host: "localhost", referrer: "http://localhost/web/index.php"
2018/12/25 01:00:12 [error] 8060#10376: *639 CreateFile() "c:/nginx/html/web/list/index" failed (3: The system cannot find the path specified), client: 127.0.0.1, server: localhost, request: "GET /web/list/index HTTP/1.1", host: "localhost", referrer: "http://localhost/web/index.php"
2018/12/25 01:00:23 [error] 8060#10376: *647 CreateFile() "c:/nginx/html/web/list/index" failed (3: The system cannot find the path specified), client: 127.0.0.1, server: localhost, request: "GET /web/list/index HTTP/1.1", host: "localhost", referrer: "http://localhost/web/index.php?r=site%2Fsignup"
2018/12/25 01:00:39 [error] 8060#10376: *651 CreateFile() "c:/nginx/html/web/list/index" failed (3: The system cannot find the path specified), client: 127.0.0.1, server: localhost, request: "GET /web/list/index HTTP/1.1", host: "localhost", referrer: "http://localhost/web/index.php?r=site%2Fsignup"
2018/12/25 01:01:09 [error] 8060#10376: *657 CreateFile() "c:/nginx/html/web/list/index" failed (3: The system cannot find the path specified), client: 127.0.0.1, server: localhost, request: "GET /web/list/index HTTP/1.1", host: "localhost", referrer: "http://localhost/web/index.php?r=site%2Fsignup"
2018/12/25 01:03:34 [error] 8060#10376: *705 directory index of "c:/nginx/html/" is forbidden, client: 213.6.131.206, server: localhost, request: "GET / HTTP/1.1", host: "89.151.184.54:80"
2018/12/25 01:07:52 [error] 8060#10376: *756 directory index of "c:/nginx/html/" is forbidden, client: 92.84.225.26, server: localhost, request: "GET / HTTP/1.0"
2018/12/25 01:26:11 [error] 8060#10376: *844 CreateFile() "c:/nginx/html/robots.txt" failed (2: The system cannot find the file specified), client: 173.212.201.122, server: localhost, request: "HEAD /robots.txt HTTP/1.0"
2018/12/25 01:30:45 [error] 8060#10376: *854 FastCGI sent in stderr: "PHP Warning:  Declaration of app\controllers\SiteController::beforeAction() should be compatible with yii\web\Controller::beforeAction($action) in C:\nginx\html\controllers\SiteController.php on line 15
PHP Notice:  Undefined variable: app in C:\nginx\html\controllers\SiteController.php on line 61
PHP Notice:  Trying to get property 'user' of non-object in C:\nginx\html\controllers\SiteController.php on line 61
PHP Notice:  Trying to get property 'isGuest' of non-object in C:\nginx\html\controllers\SiteController.php on line 61" while reading response header from upstream, client: 127.0.0.1, server: localhost, request: "GET /web/index.php?r=list%2Findex HTTP/1.1", upstream: "fastcgi://127.0.0.1:9000", host: "localhost"
2018/12/25 01:34:14 [error] 8060#10376: *869 CreateFile() "c:/nginx/html/site/login" failed (3: The system cannot find the path specified), client: 127.0.0.1, server: localhost, request: "GET /site/login HTTP/1.1", host: "localhost", referrer: "http://localhost/web/index.php?r=lists%2Findex"
2018/12/25 01:35:31 [error] 8060#10376: *873 CreateFile() "c:/nginx/html/site/login" failed (3: The system cannot find the path specified), client: 127.0.0.1, server: localhost, request: "GET /site/login HTTP/1.1", host: "localhost", referrer: "http://localhost/web/index.php?r=lists%2Findex"
2018/12/25 01:48:53 [error] 8060#10376: *1233 directory index of "c:/nginx/html/" is forbidden, client: 82.57.53.51, server: localhost, request: "GET / HTTP/1.0"
2018/12/25 01:48:56 [error] 8060#10376: *1234 directory index of "c:/nginx/html/" is forbidden, client: 82.57.53.51, server: localhost, request: "GET / HTTP/1.0"
2018/12/25 01:50:02 [error] 8060#10376: *1235 directory index of "c:/nginx/html/" is forbidden, client: 118.232.161.226, server: localhost, request: "GET / HTTP/1.0"
2018/12/25 01:59:08 [error] 8060#10376: *1236 directory index of "c:/nginx/html/" is forbidden, client: 179.113.150.200, server: localhost, request: "GET / HTTP/1.1", host: "89.151.184.54:80"
2018/12/25 02:05:49 [error] 8060#10376: *1279 directory index of "c:/nginx/html/" is forbidden, client: 197.51.65.60, server: localhost, request: "GET / HTTP/1.0"
2018/12/25 02:54:21 [error] 8060#10376: *1724 directory index of "c:/nginx/html/" is forbidden, client: 82.57.53.51, server: localhost, request: "GET / HTTP/1.0"
2018/12/25 03:03:28 [error] 8060#10376: *1759 directory index of "c:/nginx/html/" is forbidden, client: 185.54.238.144, server: localhost, request: "GET / HTTP/1.0"
2018/12/25 03:10:08 [error] 8060#10376: *1768 directory index of "c:/nginx/html/" is forbidden, client: 14.243.184.75, server: localhost, request: "GET / HTTP/1.0"
2018/12/25 16:44:31 [error] 1924#8872: *1 directory index of "c:/nginx/html/" is forbidden, client: 127.0.0.1, server: localhost, request: "GET / HTTP/1.1", host: "localhost"
2018/12/25 16:44:32 [error] 1924#8872: *1 CreateFile() "c:/nginx/html/favicon.ico" failed (2: The system cannot find the file specified), client: 127.0.0.1, server: localhost, request: "GET /favicon.ico HTTP/1.1", host: "localhost", referrer: "http://localhost/"
2018/12/25 16:46:00 [error] 1924#8872: *20 directory index of "c:/nginx/html/" is forbidden, client: 127.0.0.1, server: localhost, request: "GET / HTTP/1.1", host: "localhost"
2018/12/25 16:52:11 [error] 1924#8872: *25 CreateFile() "c:/nginx/html/web/debug/default/toolbar" failed (3: The system cannot find the path specified), client: 127.0.0.1, server: localhost, request: "GET /web/debug/default/toolbar?tag=5c22360b181d2 HTTP/1.1", host: "localhost", referrer: "http://localhost/web/index.php"
2018/12/25 16:52:15 [error] 1924#8872: *25 CreateFile() "c:/nginx/html/web/debug/default/toolbar" failed (3: The system cannot find the path specified), client: 127.0.0.1, server: localhost, request: "GET /web/debug/default/toolbar?tag=5c22360f51fdf HTTP/1.1", host: "localhost", referrer: "http://localhost/web/index.php"
2018/12/25 16:52:27 [error] 1924#8872: *30 CreateFile() "c:/nginx/html/web/site/login" failed (3: The system cannot find the path specified), client: 127.0.0.1, server: localhost, request: "GET /web/site/login HTTP/1.1", host: "localhost", referrer: "http://localhost/web/index.php"
2018/12/25 16:52:48 [error] 1924#8872: *33 CreateFile() "c:/nginx/html/web/debug/default/toolbar" failed (3: The system cannot find the path specified), client: 127.0.0.1, server: localhost, request: "GET /web/debug/default/toolbar?tag=5c223630b8f87 HTTP/1.1", host: "localhost", referrer: "http://localhost/web/index.php"
2018/12/25 16:52:50 [error] 1924#8872: *33 CreateFile() "c:/nginx/html/web/site/signup" failed (3: The system cannot find the path specified), client: 127.0.0.1, server: localhost, request: "GET /web/site/signup HTTP/1.1", host: "localhost", referrer: "http://localhost/web/index.php"
2018/12/25 16:54:23 [error] 1924#8872: *37 CreateFile() "c:/nginx/html/web/debug/default/toolbar" failed (3: The system cannot find the path specified), client: 127.0.0.1, server: localhost, request: "GET /web/debug/default/toolbar?tag=5c22368f230e4 HTTP/1.1", host: "localhost", referrer: "http://localhost/web/index.php"
2018/12/25 16:54:28 [error] 1924#8872: *37 CreateFile() "c:/nginx/html/web/debug/default/toolbar" failed (3: The system cannot find the path specified), client: 127.0.0.1, server: localhost, request: "GET /web/debug/default/toolbar?tag=5c223693ee5ec HTTP/1.1", host: "localhost", referrer: "http://localhost/web/index.php"
2018/12/25 16:54:30 [error] 1924#8872: *42 CreateFile() "c:/nginx/html/web/site/login" failed (3: The system cannot find the path specified), client: 127.0.0.1, server: localhost, request: "GET /web/site/login HTTP/1.1", host: "localhost", referrer: "http://localhost/web/index.php"
2018/12/25 16:54:34 [error] 1924#8872: *42 CreateFile() "c:/nginx/html/web/debug/default/toolbar" failed (3: The system cannot find the path specified), client: 127.0.0.1, server: localhost, request: "GET /web/debug/default/toolbar?tag=5c223699d7e6a HTTP/1.1", host: "localhost", referrer: "http://localhost/web/index.php"
2018/12/25 16:59:06 [error] 2620#3596: *1 CreateFile() "c:/nginx/html/web/web/debug/default/toolbar" failed (3: The system cannot find the path specified), client: 127.0.0.1, server: localhost, request: "GET /web/debug/default/toolbar?tag=5c2237aa638d9 HTTP/1.1", host: "localhost", referrer: "http://localhost/web/index.php"
2018/12/25 16:59:38 [error] 3284#1108: *1 CreateFile() "c:/nginx/html/web/web/debug/default/toolbar" failed (3: The system cannot find the path specified), client: 127.0.0.1, server: localhost, request: "GET /web/debug/default/toolbar?tag=5c2237ca04312 HTTP/1.1", host: "localhost", referrer: "http://localhost/web/index.php"
2018/12/25 16:59:47 [error] 3284#1108: *5 CreateFile() "c:/nginx/html/web/web/site/login" failed (3: The system cannot find the path specified), client: 127.0.0.1, server: localhost, request: "GET /web/site/login HTTP/1.1", host: "localhost", referrer: "http://localhost/web/index.php"
2018/12/25 16:59:52 [error] 3284#1108: *8 CreateFile() "c:/nginx/html/web/web/debug/default/toolbar" failed (3: The system cannot find the path specified), client: 127.0.0.1, server: localhost, request: "GET /web/debug/default/toolbar?tag=5c2237d8b0df9 HTTP/1.1", host: "localhost", referrer: "http://localhost/web/index.php"
2018/12/25 16:59:55 [error] 3284#1108: *8 "c:/nginx/html/web/web/index.html" is not found (3: The system cannot find the path specified), client: 127.0.0.1, server: localhost, request: "GET /web/ HTTP/1.1", host: "localhost", referrer: "http://localhost/web/index.php"
2018/12/25 16:59:59 [error] 3284#1108: *12 CreateFile() "c:/nginx/html/web/web/debug/default/toolbar" failed (3: The system cannot find the path specified), client: 127.0.0.1, server: localhost, request: "GET /web/debug/default/toolbar?tag=5c2237df5c0ce HTTP/1.1", host: "localhost", referrer: "http://localhost/web/index.php"
2018/12/25 17:00:05 [error] 3284#1108: *12 "c:/nginx/html/web/web/index.html" is not found (3: The system cannot find the path specified), client: 127.0.0.1, server: localhost, request: "GET /web/ HTTP/1.1", host: "localhost", referrer: "http://localhost/web/index.php"
2018/12/25 17:00:07 [error] 3284#1108: *12 CreateFile() "c:/nginx/html/web/web/debug/default/toolbar" failed (3: The system cannot find the path specified), client: 127.0.0.1, server: localhost, request: "GET /web/debug/default/toolbar?tag=5c2237e71ddc3 HTTP/1.1", host: "localhost", referrer: "http://localhost/web/index.php"
2018/12/25 17:00:09 [error] 3284#1108: *17 CreateFile() "c:/nginx/html/web/web/site/signup" failed (3: The system cannot find the path specified), client: 127.0.0.1, server: localhost, request: "GET /web/site/signup HTTP/1.1", host: "localhost", referrer: "http://localhost/web/index.php"
2018/12/25 17:05:01 [error] 3284#1108: *20 CreateFile() "c:/nginx/html/web/web/site/signup" failed (3: The system cannot find the path specified), client: 127.0.0.1, server: localhost, request: "GET /web/site/signup HTTP/1.1", host: "localhost", referrer: "http://localhost/web/index.php"
2018/12/25 17:05:03 [error] 3284#1108: *22 CreateFile() "c:/nginx/html/web/debug/default/toolbar" failed (3: The system cannot find the path specified), client: 127.0.0.1, server: localhost, request: "GET /debug/default/toolbar?tag=5c22390f12e55 HTTP/1.1", host: "localhost", referrer: "http://localhost/web/index.php"
2018/12/25 17:08:41 [error] 8676#5812: *1 CreateFile() "c:/nginx/html/web/debug/default/toolbar" failed (3: The system cannot find the path specified), client: 127.0.0.1, server: todolist, request: "GET /debug/default/toolbar?tag=5c2239e91f5ea HTTP/1.1", host: "localhost", referrer: "http://localhost/web/index.php"
2018/12/25 17:08:43 [error] 8676#5812: *1 CreateFile() "c:/nginx/html/web/debug/default/toolbar" failed (3: The system cannot find the path specified), client: 127.0.0.1, server: todolist, request: "GET /debug/default/toolbar?tag=5c2239eb7a5c5 HTTP/1.1", host: "localhost", referrer: "http://localhost/web/index.php"
2018/12/25 17:08:45 [error] 8676#5812: *1 CreateFile() "c:/nginx/html/web/site/login" failed (3: The system cannot find the path specified), client: 127.0.0.1, server: todolist, request: "GET /site/login HTTP/1.1", host: "localhost", referrer: "http://localhost/web/index.php"
2018/12/25 17:09:03 [error] 8676#5812: *8 CreateFile() "c:/nginx/html/web/debug/default/toolbar" failed (3: The system cannot find the path specified), client: 127.0.0.1, server: todolist, request: "GET /debug/default/toolbar?tag=5c2239ff8eed3 HTTP/1.1", host: "localhost", referrer: "http://localhost/web/index.php"
2018/12/25 17:09:43 [error] 884#2736: *1 CreateFile() "c:/nginx/html/web/debug/default/toolbar" failed (3: The system cannot find the path specified), client: 127.0.0.1, server: todolist, request: "GET /debug/default/toolbar?tag=5c223a27ad26b HTTP/1.1", host: "localhost", referrer: "http://localhost/web/index.php"
2018/12/25 17:09:47 [error] 884#2736: *1 CreateFile() "c:/nginx/html/web/debug/default/toolbar" failed (3: The system cannot find the path specified), client: 127.0.0.1, server: todolist, request: "GET /debug/default/toolbar?tag=5c223a2b6fbeb HTTP/1.1", host: "localhost", referrer: "http://localhost/web/index.php"
2018/12/25 17:09:52 [error] 884#2736: *7 CreateFile() "c:/nginx/html/web/site/login" failed (3: The system cannot find the path specified), client: 127.0.0.1, server: todolist, request: "GET /site/login HTTP/1.1", host: "localhost", referrer: "http://localhost/web/index.php"
2018/12/25 17:09:53 [error] 884#2736: *7 CreateFile() "c:/nginx/html/web/debug/default/toolbar" failed (3: The system cannot find the path specified), client: 127.0.0.1, server: todolist, request: "GET /debug/default/toolbar?tag=5c223a317b567 HTTP/1.1", host: "localhost", referrer: "http://localhost/web/index.php"
2018/12/25 17:09:55 [error] 884#2736: *7 CreateFile() "c:/nginx/html/web/site/signup" failed (3: The system cannot find the path specified), client: 127.0.0.1, server: todolist, request: "GET /site/signup HTTP/1.1", host: "localhost", referrer: "http://localhost/web/index.php"
2018/12/25 17:14:19 [error] 8248#7772: *1 CreateFile() "c:/nginx/html/site/signup" failed (3: The system cannot find the path specified), client: 127.0.0.1, server: localhost, request: "GET /site/signup HTTP/1.1", host: "localhost", referrer: "http://localhost/web/index.php"
2018/12/25 17:14:20 [error] 8248#7772: *1 CreateFile() "c:/nginx/html/site/signup" failed (3: The system cannot find the path specified), client: 127.0.0.1, server: localhost, request: "GET /site/signup HTTP/1.1", host: "localhost", referrer: "http://localhost/web/index.php"
2018/12/25 17:14:33 [error] 8248#7772: *4 CreateFile() "c:/nginx/html/debug/default/toolbar" failed (3: The system cannot find the path specified), client: 127.0.0.1, server: localhost, request: "GET /debug/default/toolbar?tag=5c223b4946c8c HTTP/1.1", host: "localhost", referrer: "http://localhost/web/index.php"
2018/12/25 17:14:37 [error] 8248#7772: *4 CreateFile() "c:/nginx/html/site/login" failed (3: The system cannot find the path specified), client: 127.0.0.1, server: localhost, request: "GET /site/login HTTP/1.1", host: "localhost", referrer: "http://localhost/web/index.php"
2018/12/25 17:16:31 [error] 8248#7772: *8 CreateFile() "c:/nginx/html/website/signup" failed (3: The system cannot find the path specified), client: 127.0.0.1, server: localhost, request: "GET /website/signup HTTP/1.1", host: "localhost"
2018/12/25 17:16:35 [error] 8248#7772: *8 CreateFile() "c:/nginx/html/web.site/signup" failed (3: The system cannot find the path specified), client: 127.0.0.1, server: localhost, request: "GET /web.site/signup HTTP/1.1", host: "localhost"
2018/12/25 17:16:46 [error] 8248#7772: *11 CreateFile() "c:/nginx/html/web/site/signup" failed (3: The system cannot find the path specified), client: 127.0.0.1, server: localhost, request: "GET /web/site/signup HTTP/1.1", host: "localhost"
2018/12/25 17:17:52 [error] 8248#7772: *14 CreateFile() "c:/nginx/html/web/site/signup" failed (3: The system cannot find the path specified), client: 127.0.0.1, server: localhost, request: "GET /web/site/signup HTTP/1.1", host: "localhost"
2018/12/25 17:18:06 [error] 8248#7772: *17 CreateFile() "c:/nginx/html/website/signup" failed (3: The system cannot find the path specified), client: 127.0.0.1, server: localhost, request: "GET /website/signup HTTP/1.1", host: "localhost"
2018/12/25 17:18:07 [error] 8248#7772: *17 CreateFile() "c:/nginx/html/website/signup" failed (3: The system cannot find the path specified), client: 127.0.0.1, server: localhost, request: "GET /website/signup HTTP/1.1", host: "localhost"
2018/12/25 21:30:56 [error] 2308#2172: *6 CreateFile() "c:/nginx/html/favicon.ico" failed (2: The system cannot find the file specified), client: 127.0.0.1, server: localhost, request: "GET /favicon.ico HTTP/1.1", host: "localhost", referrer: "http://localhost/web/index.php?r=lists%2Findex"
2018/12/26 15:22:20 [error] 6956#7208: *6 CreateFile() "c:/nginx/html/favicon.ico" failed (2: The system cannot find the file specified), client: 127.0.0.1, server: localhost, request: "GET /favicon.ico HTTP/1.1", host: "localhost", referrer: "http://localhost/web/index.php"
2018/12/26 16:10:16 [error] 6956#7208: *52 directory index of "c:/nginx/html/" is forbidden, client: 89.151.191.4, server: localhost, request: "GET / HTTP/1.1", host: "100.75.160.107"
2018/12/26 16:10:17 [error] 6956#7208: *53 directory index of "c:/nginx/html/" is forbidden, client: 89.151.191.4, server: localhost, request: "GET / HTTP/1.1", host: "100.75.160.107"
2018/12/26 21:52:47 [error] 9244#2424: *1552 directory index of "c:/nginx/html/" is forbidden, client: 127.0.0.1, server: localhost, request: "GET / HTTP/1.1", host: "localhost"
2018/12/27 00:10:19 [error] 9244#2424: *2321 directory index of "c:/nginx/html/" is forbidden, client: 89.151.191.4, server: localhost, request: "GET / HTTP/1.1", host: "100.75.160.107"
2018/12/27 00:10:19 [error] 9244#2424: *2322 directory index of "c:/nginx/html/" is forbidden, client: 89.151.191.4, server: localhost, request: "GET / HTTP/1.1", host: "100.75.160.107"
2018/12/27 02:03:27 [error] 9244#2424: *2575 FastCGI sent in stderr: "PHP Fatal error:  Cannot use yii\web\Controller as Controller because the name is already in use in C:\nginx\html\controllers\TasksController.php on line 11" while reading response header from upstream, client: 127.0.0.1, server: localhost, request: "GET /web/index.php?r=tasks%2Findex&ownerListId=3 HTTP/1.1", upstream: "fastcgi://127.0.0.1:9000", host: "localhost", referrer: "http://localhost/web/index.php?r=lists%2Findex"
2018/12/27 02:10:32 [error] 9244#2424: *2620 directory index of "c:/nginx/html/" is forbidden, client: 89.151.191.4, server: localhost, request: "GET / HTTP/1.1", host: "100.75.160.107"
2018/12/27 02:10:32 [error] 9244#2424: *2621 directory index of "c:/nginx/html/" is forbidden, client: 89.151.191.4, server: localhost, request: "GET / HTTP/1.1", host: "100.75.160.107"
2018/12/27 15:31:46 [error] 8460#6752: *12 CreateFile() "c:/nginx/html/favicon.ico" failed (2: The system cannot find the file specified), client: 127.0.0.1, server: localhost, request: "GET /favicon.ico HTTP/1.1", host: "localhost", referrer: "http://localhost/web/index.php?r=lists%2Findex"
2018/12/27 16:10:32 [error] 8460#6752: *90 directory index of "c:/nginx/html/" is forbidden, client: 89.151.191.4, server: localhost, request: "GET / HTTP/1.1", host: "100.75.201.247"
2018/12/27 16:10:32 [error] 8460#6752: *91 directory index of "c:/nginx/html/" is forbidden, client: 89.151.191.4, server: localhost, request: "GET / HTTP/1.1", host: "100.75.201.247"
